         U abort@@GLIBC_2.4
000121cc B adcdata
004121d0 B __bss_end__
004121d0 B _bss_end__
00012088 B __bss_start
00012088 B __bss_start__
00000738 t call_weak_fn
         U close@@GLIBC_2.4
00000ce8 T clrscr
00012088 b completed.9476
00000af8 t cooked
         w __cxa_finalize@@GLIBC_2.4
         U cyclone_V_regread
         U cyclone_V_regwrite
00012080 D __data_start
00012080 W data_start
0000075c t deregister_tm_clones
000007f0 t __do_global_dtors_aux
00011f04 t __do_global_dtors_aux_fini_array_entry
004121cc B dont
00012084 D __dso_handle
00011f08 a _DYNAMIC
00012088 D _edata
004121d0 B __end__
004121d0 B _end
         U exit@@GLIBC_2.4
         U fflush@@GLIBC_2.4
000011a0 T _fini
00000d4c T fmygets
000121c8 B fp
00000858 t frame_dummy
00011f00 t __frame_dummy_init_array_entry
0000132c r __FRAME_END__
00000c9c T getch
00000ffc T GetDecValue
000010f4 T GetDecValue_with_correct
00000ebc T GetHexValue
00000fb4 T GetHexValue_with_correct
00012000 a _GLOBAL_OFFSET_TABLE_
         w __gmon_start__
0001218c b g_old_kbd_mode
00000d0c T gotoxy
000005dc t _init
00011f04 t __init_array_end
00011f00 t __init_array_start
000011a8 R _IO_stdin_used
         U __isoc99_sscanf@@GLIBC_2.7
         w _ITM_deregisterTMCloneTable
         w _ITM_registerTMCloneTable
00000bc4 T kbhit
0000119c T __libc_csu_fini
0000113c T __libc_csu_init
         U __libc_start_main@@GLIBC_2.4
0000085c T main
         U memset@@GLIBC_2.4
         U open@@GLIBC_2.4
         U printf@@GLIBC_2.4
         U putchar@@GLIBC_2.4
         U puts@@GLIBC_2.4
00000b24 t raw
         U read@@GLIBC_2.4
000007a0 t register_tm_clones
         U select@@GLIBC_2.4
0001208c b sInput
000006e0 T _start
         U stdout@@GLIBC_2.4
         U tcgetattr@@GLIBC_2.4
         U tcsetattr@@GLIBC_2.4
00012088 D __TMC_END__
